folder_one/one.js 922befe985baf6fe63a5837db8f35dc8
